
<STYLE><!--U  {color: Green}S  {color: RED} I  {color: DARKBLUE; background-color:yellow}
P.brk {page-break-before:always}--></STYLE>
<BASEFONT SIZE=3>
<PRE WIDTH="94">

<FONT SIZE=5><B>                STATE OF NEW YORK</B></FONT>
        ________________________________________________________________________

                                           9999

                               2017-2018 Regular Sessions

<FONT SIZE=5><B>                    IN SENATE</B></FONT>

                                       <B><U>(Prefiled)</U></B>

                                     January 4, 2017
                                       ___________

        Introduced  by Sen. SQUAREPANTS -- read twice and ordered printed, and
          when printed to be committed to the Committee on Nonsense

        AN ACT to amend the dairy law, in relation to  giving  and/or  receiving
          unlawful ice cream cones

          <B><U>The  People of the State of New York, represented in Senate and Assem-</U></B>
        <B><U>bly, do enact as follows:</U></B>

     1    Section 1. The dairy law is amended by adding a new section 000.00  to
     2  read as follows:
     3  <B><U>&#167; 000.00 Giving unlawful cones.</U></B>
     4    <B><U>Anyone  who otherwise than as provided by law for the proper discharge</U></B>
     5  <B><U>of coned ice cream directly or indirectly gives, offers or promises  any</U></B>
     6  <B><U>cone with a value in excess of     one      million    cookies, with the</U></B>
     7  <B><U>exception of  cookie dough as  defined  under  article  umpteen  of  the</U></B>
     8  <B><U>baked goods law,  to any public official or goat selected to be a public</U></B>
     9  <B><U>official because of that goat's official position.</U></B>
    10    <B><U>Giving unlawful ice cream  is a class Z felony.</U></B>
    11    &#167; 2. The dairy law is amended by adding a new section 000.00  to  read
    12  as follows:
    13  <B><U>&#167; 000.00 Receiving unlawful cones.</U></B>
    14    <B><U>Anyone  who, being  a public official or goat selected  to be a public</U></B>
    15  <B><U>official, otherwise than as provided by law for the proper discharge  of</U></B>
    16  <B><U>coned ice cream,  directly or  indirectly  seeks,  receives or agrees to</U></B>
    17  <B><U>receive any ice cream, with the exception of cookie dough provided udder</U></B>
    18  <B><U>article umpteen of the baked goods law, with a value in excess of    one</U></B>
    19  <B><U>million     cookies because of that goat's official position.</U></B>
    20    <B><U>Receiving unlawful cones is a class Z felony.</U></B>
    21    &#167; 3. This act shall take effect on the nine thousandth day  after  it
    22  shall have become a law.

         EXPLANATION--Matter in <B><U>italics</U></B> (underscored) is new; matter in brackets
                              [<B><S> </S></B>] is old law to be omitted.
                                                                   LBD03969-02-7
</pre>
